The Ô¨Å rst creates an xfs partition, while the second creates 
an ext4 partition.

# mkfs -t ext4 /dev/sdc1
meta-data=/dev/sda3        isize=256    agcount=4, agsize=256825 blks
         =                 sectsz=512   attr=2, projid32bit=1
         =                 crc=0
data     =                 bsize=4096   blocks=1027300, imaxpct=25
         =                 sunit=0      swidth=0 blks
naming   =version 2        bsize=4096   ascii-ci=0 ftype=0
log      =internal log     bsize=4096   blocks=2560, version=2
         =                 sectsz=512   sunit=0 blks, lazy-count=1
realtime =none             extsz=4096   blocks=0, rtextents=0
# mkfs -t ext4 /dev/sdc2
mke2fs 1.42.9 (28-Dec-2013)
Filesystem label=
OS type: Linux
Block size=4096 (log=2)
Fragment size=4096 (log=2)
Stride=0 blocks, Stripe width=0 blocks

310

c12.indd  04/01/2015  Page 311

Chapter 12: Managing Disks and Filesystems

257024 inodes, 1027300 blocks
51365 blocks (5.00%) reserved for the super user
First data block=0
Maximum filesystem blocks=1052770304
32 block groups
32768 blocks per group, 32768 fragments per group
8032 inodes per group
Superblock backups stored on blocks: 
       32768, 98304, 163840, 229376, 294912, 819200, 884736
Allocating group tables: done                            
Writing inode tables: done                            
Creating journal (16384 blocks): done
Writing superblocks and filesystem accounting information: done

You can see the statistics that are output with the formatting done by the mkfs command.