Note that more devices could be
added to the volume group.

root@RHEL4:~# vgcreate vg /dev/sdc
Volume group "vg" successfully created

The last step lvcreate creates a logical volume.

root@RHEL4:~# lvcreate --size 500m vg
Logical volume "lvol0" created

103

logical volume management

The logical volume /dev/vg/lvol0 can now be formatted with ext3, and mounted for normal
use.

root@RHELv4u2:~# mke2fs -m0 -j /dev/vg/lvol0 
mke2fs 1.35 (28-Feb-2004)
Filesystem label=
OS type: Linux
Block size=1024 (log=0)
Fragment size=1024 (log=0)
128016 inodes, 512000 blocks
0 blocks (0.00%) reserved for the super user
First data block=1
Maximum filesystem blocks=67633152
63 block groups
8192 blocks per group, 8192 fragments per group
2032 inodes per group
Superblock backups stored on blocks: 
8193, 24577, 40961, 57345, 73729, 204801, 221185, 401409

Writing inode tables: done                            
Creating journal (8192 blocks): done
Writing superblocks and filesystem accounting information: done

This filesystem will be automatically checked every 37 mounts or
180 days, whichever comes first.