bonding on Redhat/Fedora

We start with ifconfig -a to get a list of all the network cards on our system.

[root@rhel6 network-scripts]# ifconfig -a | grep Ethernet
eth0      Link encap:Ethernet  HWaddr 08:00:27:DD:0D:5C  
eth1      Link encap:Ethernet  HWaddr 08:00:27:DA:C1:49  
eth2      Link encap:Ethernet  HWaddr 08:00:27:40:03:3B

In this demo we decide to bond eth1 and eth2.

We will name our bond bond0 and add this entry to modprobe so the kernel can load the
bonding module when we bring the interface up.

[root@rhel6 network-scripts]# cat /etc/modprobe.d/bonding.conf 
alias bond0 bonding

Then  we  create  /etc/sysconfig/network-scripts/ifcfg-bond0  to  configure  our  bond0
interface.

[root@rhel6 network-scripts]# pwd
/etc/sysconfig/network-scripts
[root@rhel6 network-scripts]# cat ifcfg-bond0 
DEVICE=bond0
IPADDR=192.168.1.199
NETMASK=255.255.255.0
ONBOOT=yes
BOOTPROTO=none
USERCTL=no

Next we create two files, one for each network card that we will use as slave in bond0.

[root@rhel6 network-scripts]# cat ifcfg-eth1
DEVICE=eth1
BOOTPROTO=none
ONBOOT=yes
MASTER=bond0
SLAVE=yes
USERCTL=no
[root@rhel6 network-scripts]# cat ifcfg-eth2
DEVICE=eth2
BOOTPROTO=none
ONBOOT=yes
MASTER=bond0
SLAVE=yes
USERCTL=no

Finally we bring the interface up with ifup bond0.

[root@rhel6 network-scripts]# ifup bond0
[root@rhel6 network-scripts]# ifconfig bond0
bond0     Link encap:Ethernet  HWaddr 08:00:27:DA:C1:49  
          inet addr:192.168.1.199  Bcast:192.168.1.255  Mask:255.255.255.0
          inet6 addr: fe80::a00:27ff:feda:c149/64 Scope:Link
          UP BROADCAST RUNNING MASTER MULTICAST  MTU:1500  Metric:1
          RX packets:251 errors:0 dropped:0 overruns:0 frame:0
          TX packets:21 errors:0 dropped:0 overruns:0 carrier:0
          collisions:0 txqueuelen:0 
          RX bytes:39852 (38.9 KiB)  TX bytes:1070 (1.0 KiB)

The bond should also be visible in /proc/net/bonding.

290

binding and bonding

[root@rhel6 network-scripts]# cat /proc/net/bonding/bond0 
Ethernet Channel Bonding Driver: v3.5.0 (November 4, 2008)

Bonding Mode: load balancing (round-robin)
MII Status: up
MII Polling Interval (ms): 0
Up Delay (ms): 0
Down Delay (ms): 0

Slave Interface: eth1
MII Status: up
Link Failure Count: 0
Permanent HW addr: 08:00:27:da:c1:49

Slave Interface: eth2
MII Status: up
Link Failure Count: 0
Permanent HW addr: 08:00:27:40:03:3b

291

binding and bonding

24.4.