Resizing an Ext3 Filesystem

$ df -h /var/www
Filesystem Size Used Avail Use% Mounted on
/dev/mapper/raid--volume-www 2.0G 135M 1.9G 7% /var/www

$ sudo xfs_growfs /dev/raid-volume/www
meta-data=/dev/mapper/raid--volume-www isize=256 agcount=8, agsize=65408 blks
                                            = sectsz=512    attr=2, projid32bit=1
                                            = crc=0         finobt=0
                                       data = bsize=4096    blocks=523264, imaxpct=25
                                            = sunit=128     swidth=256 blks
                                     naming =version 2      bsize=4096 ascii-ci=0 ftype=0
                                        log =internal bsize=4096 blocks=2560, version=2
                                            = sectsz=512 sunit=8 blks, lazy-count=1
                                   realtime =none extsz=4096 blocks=0, rtextents=0
data blocks changed from 523264 to 1048576

$ df -h /var/www
Filesystem                     Size     Used   Avail    Use%   Mounted on
/dev/mapper/raid--volume-www   4.0G     136M    4.0G     3%      /var/www

And you now have a 4 GiB filesystem.

Shrinking a Logical Volume
In addition to expanding a filesystem, there are some filesystems you can also shrink.